// Jest Snapshot v1, https://goo.gl/fbAQLP

exports[`should render ExpenseList with empty expenses 1`] = `
<div>
  <p>
    No expenses
  </p>
</div>
`;

exports[`should render ExpenseList with expenses 1`] = `
<div>
  <ExpenseListItem
    amount={195}
    createdAt={0}
    description="something"
    id="1"
    key="1"
    note=""
  />
  <ExpenseListItem
    amount={1095}
    createdAt={-345600000}
    description="Rent"
    id="2"
    key="2"
    note=""
  />
  <ExpenseListItem
    amount={4095}
    createdAt={345600000}
    description="Water"
    id="3"
    key="3"
    note=""
  />
</div>
`;
