// Jest Snapshot v1, https://goo.gl/fbAQLP

exports[`should name NotFoundPage correctly 1`] = `
<div>
  <h2>
    Not Found
  </h2>
  <Link
    to="/"
  >
    Go to Home Page
  </Link>
</div>
`;
